{
  "fabric:load_conditions": [
    {
      "condition": "fabric:item_tags_populated",
      "values": [
        "expert_weapons:dull_tool_parts"
      ]
    }
  ],
  "type": "minecraft:crafting_shaped",
  "pattern": [
    "ZZ ",
    "Z  ",
    "   "
      ],
  "key": {
    "Z": {
      "item": "minecraft:gold_ingot"
    }
  },
  "result": {
    "item": "expert_weapons:dull_golden_hoe_head"
  }
}